This is pdfTeX, Version 3.141592653-2.6-1.40.24 (TeX Live 2022) (preloaded format=mptopdf 2023.3.7)  16 MAR 2023 21:35
 restricted \write18 enabled.
 %&-line parsing enabled.
**\relax test.2
 (./test.2
Runaway argument?
! Paragraph ended before \handleMPsequence was complete.
<to be read again> 
                   \par 
l.8456 
       
? x
 
Here is how much of TeX's memory you used:
 81 strings out of 496679
 697 string characters out of 6200524
 4180538 words of memory out of 9165744
 1747 multiletter control sequences out of 15000+600000
 7 words of font info for 0 fonts, out of 8000000 for 9000
 0 hyphenation exceptions out of 8191
 9i,2n,7p,124b,245s stack positions out of 10000i,1000n,20000p,200000b,200000s
No pages of output.
PDF statistics:
 0 PDF objects out of 1000 (max. 8388607)
 0 named destinations out of 1000 (max. 500000)
 1 words of extra memory for PDF output out of 10000 (max. 10000000)

